Archive member included to satisfy reference by file (symbol)

c:/ac6/systemworkbench/plugins/fr.ac6.mcu.externaltools.arm-none.win32_1.7.0.201602121829/tools/compiler/bin/../lib/gcc/arm-none-eabi/5.2.1/armv6-m\libgcc.a(_udivsi3.o)
                              HAL_Driver/Src/stm32f0xx_hal.o (__aeabi_uidiv)
c:/ac6/systemworkbench/plugins/fr.ac6.mcu.externaltools.arm-none.win32_1.7.0.201602121829/tools/compiler/bin/../lib/gcc/arm-none-eabi/5.2.1/armv6-m\libgcc.a(_dvmd_tls.o)
                              c:/ac6/systemworkbench/plugins/fr.ac6.mcu.externaltools.arm-none.win32_1.7.0.201602121829/tools/compiler/bin/../lib/gcc/arm-none-eabi/5.2.1/armv6-m\libgcc.a(_udivsi3.o) (__aeabi_idiv0)
c:/ac6/systemworkbench/plugins/fr.ac6.mcu.externaltools.arm-none.win32_1.7.0.201602121829/tools/compiler/bin/../lib/gcc/arm-none-eabi/5.2.1/../../../../arm-none-eabi/lib/armv6-m\libc.a(lib_a-errno.o)
                              src/syscalls.o (__errno)
c:/ac6/systemworkbench/plugins/fr.ac6.mcu.externaltools.arm-none.win32_1.7.0.201602121829/tools/compiler/bin/../lib/gcc/arm-none-eabi/5.2.1/../../../../arm-none-eabi/lib/armv6-m\libc.a(lib_a-exit.o)
                              c:/ac6/systemworkbench/plugins/fr.ac6.mcu.externaltools.arm-none.win32_1.7.0.201602121829/tools/compiler/bin/../lib/gcc/arm-none-eabi/5.2.1/../../../../arm-none-eabi/lib/armv6-m/crt0.o (exit)
c:/ac6/systemworkbench/plugins/fr.ac6.mcu.externaltools.arm-none.win32_1.7.0.201602121829/tools/compiler/bin/../lib/gcc/arm-none-eabi/5.2.1/../../../../arm-none-eabi/lib/armv6-m\libc.a(lib_a-impure.o)
                              c:/ac6/systemworkbench/plugins/fr.ac6.mcu.externaltools.arm-none.win32_1.7.0.201602121829/tools/compiler/bin/../lib/gcc/arm-none-eabi/5.2.1/../../../../arm-none-eabi/lib/armv6-m\libc.a(lib_a-exit.o) (_global_impure_ptr)
c:/ac6/systemworkbench/plugins/fr.ac6.mcu.externaltools.arm-none.win32_1.7.0.201602121829/tools/compiler/bin/../lib/gcc/arm-none-eabi/5.2.1/../../../../arm-none-eabi/lib/armv6-m\libc.a(lib_a-init.o)
                              c:/ac6/systemworkbench/plugins/fr.ac6.mcu.externaltools.arm-none.win32_1.7.0.201602121829/tools/compiler/bin/../lib/gcc/arm-none-eabi/5.2.1/../../../../arm-none-eabi/lib/armv6-m/crt0.o (__libc_init_array)
c:/ac6/systemworkbench/plugins/fr.ac6.mcu.externaltools.arm-none.win32_1.7.0.201602121829/tools/compiler/bin/../lib/gcc/arm-none-eabi/5.2.1/../../../../arm-none-eabi/lib/armv6-m\libc.a(lib_a-memcpy-stub.o)
                              HAL_Driver/Src/stm32f0xx_hal_rcc.o (memcpy)
c:/ac6/systemworkbench/plugins/fr.ac6.mcu.externaltools.arm-none.win32_1.7.0.201602121829/tools/compiler/bin/../lib/gcc/arm-none-eabi/5.2.1/../../../../arm-none-eabi/lib/armv6-m\libc.a(lib_a-memset.o)
                              c:/ac6/systemworkbench/plugins/fr.ac6.mcu.externaltools.arm-none.win32_1.7.0.201602121829/tools/compiler/bin/../lib/gcc/arm-none-eabi/5.2.1/../../../../arm-none-eabi/lib/armv6-m/crt0.o (memset)
c:/ac6/systemworkbench/plugins/fr.ac6.mcu.externaltools.arm-none.win32_1.7.0.201602121829/tools/compiler/bin/../lib/gcc/arm-none-eabi/5.2.1/../../../../arm-none-eabi/lib/armv6-m\libc.a(lib_a-__call_atexit.o)
                              c:/ac6/systemworkbench/plugins/fr.ac6.mcu.externaltools.arm-none.win32_1.7.0.201602121829/tools/compiler/bin/../lib/gcc/arm-none-eabi/5.2.1/../../../../arm-none-eabi/lib/armv6-m\libc.a(lib_a-exit.o) (__call_exitprocs)
c:/ac6/systemworkbench/plugins/fr.ac6.mcu.externaltools.arm-none.win32_1.7.0.201602121829/tools/compiler/bin/../lib/gcc/arm-none-eabi/5.2.1/../../../../arm-none-eabi/lib/armv6-m\libc.a(lib_a-atexit.o)
                              c:/ac6/systemworkbench/plugins/fr.ac6.mcu.externaltools.arm-none.win32_1.7.0.201602121829/tools/compiler/bin/../lib/gcc/arm-none-eabi/5.2.1/../../../../arm-none-eabi/lib/armv6-m\libc.a(lib_a-__call_atexit.o) (atexit)
c:/ac6/systemworkbench/plugins/fr.ac6.mcu.externaltools.arm-none.win32_1.7.0.201602121829/tools/compiler/bin/../lib/gcc/arm-none-eabi/5.2.1/../../../../arm-none-eabi/lib/armv6-m\libc.a(lib_a-fini.o)
                              c:/ac6/systemworkbench/plugins/fr.ac6.mcu.externaltools.arm-none.win32_1.7.0.201602121829/tools/compiler/bin/../lib/gcc/arm-none-eabi/5.2.1/../../../../arm-none-eabi/lib/armv6-m\libc.a(lib_a-__call_atexit.o) (__libc_fini_array)
c:/ac6/systemworkbench/plugins/fr.ac6.mcu.externaltools.arm-none.win32_1.7.0.201602121829/tools/compiler/bin/../lib/gcc/arm-none-eabi/5.2.1/../../../../arm-none-eabi/lib/armv6-m\libc.a(lib_a-__atexit.o)
                              c:/ac6/systemworkbench/plugins/fr.ac6.mcu.externaltools.arm-none.win32_1.7.0.201602121829/tools/compiler/bin/../lib/gcc/arm-none-eabi/5.2.1/../../../../arm-none-eabi/lib/armv6-m\libc.a(lib_a-atexit.o) (__register_exitproc)

Allocating common symbols
Common symbol       size              file

pFlash              0x20              HAL_Driver/Src/stm32f0xx_hal_flash.o

Discarded input sections

[...]
Memory Configuration

Name             Origin             Length             Attributes
RAM              0x20000000         0x00001000         xrw
ROM              0x08000000         0x00004000         xr
*default*        0x00000000         0xffffffff

Linker script and memory map

LOAD c:/ac6/systemworkbench/plugins/fr.ac6.mcu.externaltools.arm-none.win32_1.7.0.201602121829/tools/compiler/bin/../lib/gcc/arm-none-eabi/5.2.1/armv6-m/crti.o
LOAD c:/ac6/systemworkbench/plugins/fr.ac6.mcu.externaltools.arm-none.win32_1.7.0.201602121829/tools/compiler/bin/../lib/gcc/arm-none-eabi/5.2.1/armv6-m/crtbegin.o
LOAD c:/ac6/systemworkbench/plugins/fr.ac6.mcu.externaltools.arm-none.win32_1.7.0.201602121829/tools/compiler/bin/../lib/gcc/arm-none-eabi/5.2.1/../../../../arm-none-eabi/lib/armv6-m/crt0.o
LOAD HAL_Driver/Src/stm32f0xx_hal.o
LOAD HAL_Driver/Src/stm32f0xx_hal_adc.o
LOAD HAL_Driver/Src/stm32f0xx_hal_adc_ex.o
LOAD HAL_Driver/Src/stm32f0xx_hal_can.o
LOAD HAL_Driver/Src/stm32f0xx_hal_cec.o
LOAD HAL_Driver/Src/stm32f0xx_hal_comp.o
LOAD HAL_Driver/Src/stm32f0xx_hal_cortex.o
LOAD HAL_Driver/Src/stm32f0xx_hal_crc.o
LOAD HAL_Driver/Src/stm32f0xx_hal_crc_ex.o
LOAD HAL_Driver/Src/stm32f0xx_hal_dac.o
LOAD HAL_Driver/Src/stm32f0xx_hal_dac_ex.o
LOAD HAL_Driver/Src/stm32f0xx_hal_dma.o
LOAD HAL_Driver/Src/stm32f0xx_hal_flash.o
LOAD HAL_Driver/Src/stm32f0xx_hal_flash_ex.o
LOAD HAL_Driver/Src/stm32f0xx_hal_gpio.o
LOAD HAL_Driver/Src/stm32f0xx_hal_i2c.o
LOAD HAL_Driver/Src/stm32f0xx_hal_i2c_ex.o
LOAD HAL_Driver/Src/stm32f0xx_hal_i2s.o
LOAD HAL_Driver/Src/stm32f0xx_hal_irda.o
LOAD HAL_Driver/Src/stm32f0xx_hal_iwdg.o
LOAD HAL_Driver/Src/stm32f0xx_hal_msp_template.o
LOAD HAL_Driver/Src/stm32f0xx_hal_pcd.o
LOAD HAL_Driver/Src/stm32f0xx_hal_pcd_ex.o
LOAD HAL_Driver/Src/stm32f0xx_hal_pwr.o
LOAD HAL_Driver/Src/stm32f0xx_hal_pwr_ex.o
LOAD HAL_Driver/Src/stm32f0xx_hal_rcc.o
LOAD HAL_Driver/Src/stm32f0xx_hal_rcc_ex.o
LOAD HAL_Driver/Src/stm32f0xx_hal_rtc.o
LOAD HAL_Driver/Src/stm32f0xx_hal_rtc_ex.o
LOAD HAL_Driver/Src/stm32f0xx_hal_smartcard.o
LOAD HAL_Driver/Src/stm32f0xx_hal_smartcard_ex.o
LOAD HAL_Driver/Src/stm32f0xx_hal_smbus.o
LOAD HAL_Driver/Src/stm32f0xx_hal_spi.o
LOAD HAL_Driver/Src/stm32f0xx_hal_spi_ex.o
LOAD HAL_Driver/Src/stm32f0xx_hal_tim.o
LOAD HAL_Driver/Src/stm32f0xx_hal_tim_ex.o
LOAD HAL_Driver/Src/stm32f0xx_hal_tsc.o
LOAD HAL_Driver/Src/stm32f0xx_hal_uart.o
LOAD HAL_Driver/Src/stm32f0xx_hal_uart_ex.o
LOAD HAL_Driver/Src/stm32f0xx_hal_usart.o
LOAD HAL_Driver/Src/stm32f0xx_hal_wwdg.o
LOAD src/encoder.o
LOAD src/main.o
LOAD src/softi2c.o
LOAD src/spi.o
LOAD src/stm32f0xx_it.o
LOAD src/syscalls.o
LOAD src/system_stm32f0xx.o
LOAD src/timing.o
LOAD src/tm_stm32_gpio.o
LOAD src/ws2812.o
LOAD startup/startup_stm32.o
LOAD c:/ac6/systemworkbench/plugins/fr.ac6.mcu.externaltools.arm-none.win32_1.7.0.201602121829/tools/compiler/bin/../lib/gcc/arm-none-eabi/5.2.1/../../../../arm-none-eabi/lib/armv6-m\libstdc++.a
LOAD c:/ac6/systemworkbench/plugins/fr.ac6.mcu.externaltools.arm-none.win32_1.7.0.201602121829/tools/compiler/bin/../lib/gcc/arm-none-eabi/5.2.1/../../../../arm-none-eabi/lib/armv6-m\libm.a
START GROUP
LOAD c:/ac6/systemworkbench/plugins/fr.ac6.mcu.externaltools.arm-none.win32_1.7.0.201602121829/tools/compiler/bin/../lib/gcc/arm-none-eabi/5.2.1/armv6-m\libgcc.a
LOAD c:/ac6/systemworkbench/plugins/fr.ac6.mcu.externaltools.arm-none.win32_1.7.0.201602121829/tools/compiler/bin/../lib/gcc/arm-none-eabi/5.2.1/../../../../arm-none-eabi/lib/armv6-m\libc.a
END GROUP
LOAD c:/ac6/systemworkbench/plugins/fr.ac6.mcu.externaltools.arm-none.win32_1.7.0.201602121829/tools/compiler/bin/../lib/gcc/arm-none-eabi/5.2.1/armv6-m/crtend.o
LOAD c:/ac6/systemworkbench/plugins/fr.ac6.mcu.externaltools.arm-none.win32_1.7.0.201602121829/tools/compiler/bin/../lib/gcc/arm-none-eabi/5.2.1/armv6-m/crtn.o
                0x20001000                _estack = 0x20001000
                0x00000000                _Min_Heap_Size = 0x0
                0x00000400                _Min_Stack_Size = 0x400

.isr_vector     0x08000000      0x188
                0x08000000                . = ALIGN (0x4)
 *(.isr_vector)
 .isr_vector    0x08000000      0x188 startup/startup_stm32.o
                0x08000000                g_pfnVectors
                0x08000188                . = ALIGN (0x4)

.text           0x08000188     0x2280
                0x08000188                . = ALIGN (0x4)
 *(.text)
 .text          0x08000188       0xb4 c:/ac6/systemworkbench/plugins/fr.ac6.mcu.externaltools.arm-none.win32_1.7.0.201602121829/tools/compiler/bin/../lib/gcc/arm-none-eabi/5.2.1/armv6-m/crtbegin.o
 .text          0x0800023c      0x114 c:/ac6/systemworkbench/plugins/fr.ac6.mcu.externaltools.arm-none.win32_1.7.0.201602121829/tools/compiler/bin/../lib/gcc/arm-none-eabi/5.2.1/armv6-m\libgcc.a(_udivsi3.o)
                0x0800023c                __aeabi_uidiv
                0x0800023c                __udivsi3
                0x08000348                __aeabi_uidivmod
 .text          0x08000350        0x4 c:/ac6/systemworkbench/plugins/fr.ac6.mcu.externaltools.arm-none.win32_1.7.0.201602121829/tools/compiler/bin/../lib/gcc/arm-none-eabi/5.2.1/armv6-m\libgcc.a(_dvmd_tls.o)
                0x08000350                __aeabi_idiv0
                0x08000350                __aeabi_ldiv0
 *(.text*)
 .text.HAL_Init
                0x08000354       0x28 HAL_Driver/Src/stm32f0xx_hal.o
                0x08000354                HAL_Init
 .text.HAL_InitTick
                0x0800037c       0x38 HAL_Driver/Src/stm32f0xx_hal.o
                0x0800037c                HAL_InitTick
 .text.HAL_IncTick
                0x080003b4       0x18 HAL_Driver/Src/stm32f0xx_hal.o
                0x080003b4                HAL_IncTick
 .text.HAL_GetTick
                0x080003cc       0x14 HAL_Driver/Src/stm32f0xx_hal.o
                0x080003cc                HAL_GetTick
 .text.HAL_Delay
                0x080003e0       0x30 HAL_Driver/Src/stm32f0xx_hal.o
                0x080003e0                HAL_Delay
 .text.NVIC_SetPriority
                0x08000410       0xdc HAL_Driver/Src/stm32f0xx_hal_cortex.o
 .text.SysTick_Config
                0x080004ec       0x48 HAL_Driver/Src/stm32f0xx_hal_cortex.o
 .text.HAL_NVIC_SetPriority
                0x08000534       0x2c HAL_Driver/Src/stm32f0xx_hal_cortex.o
                0x08000534                HAL_NVIC_SetPriority
 .text.HAL_SYSTICK_Config
                0x08000560       0x1c HAL_Driver/Src/stm32f0xx_hal_cortex.o
                0x08000560                HAL_SYSTICK_Config
 .text.HAL_SYSTICK_CLKSourceConfig
                0x0800057c       0x34 HAL_Driver/Src/stm32f0xx_hal_cortex.o
                0x0800057c                HAL_SYSTICK_CLKSourceConfig
 .text.HAL_SYSTICK_IRQHandler
                0x080005b0       0x10 HAL_Driver/Src/stm32f0xx_hal_cortex.o
                0x080005b0                HAL_SYSTICK_IRQHandler
 .text.HAL_SYSTICK_Callback
                0x080005c0        0xc HAL_Driver/Src/stm32f0xx_hal_cortex.o
                0x080005c0                HAL_SYSTICK_Callback
 .text.HAL_MspInit
                0x080005cc        0xc HAL_Driver/Src/stm32f0xx_hal_msp_template.o
                0x080005cc                HAL_MspInit
 .text.HAL_RCC_OscConfig
                0x080005d8      0x624 HAL_Driver/Src/stm32f0xx_hal_rcc.o
                0x080005d8                HAL_RCC_OscConfig
 .text.HAL_RCC_ClockConfig
                0x08000bfc      0x1a8 HAL_Driver/Src/stm32f0xx_hal_rcc.o
                0x08000bfc                HAL_RCC_ClockConfig
 .text.HAL_RCC_GetSysClockFreq
                0x08000da4       0xc8 HAL_Driver/Src/stm32f0xx_hal_rcc.o
                0x08000da4                HAL_RCC_GetSysClockFreq
 .text.HAL_RCC_GetHCLKFreq
                0x08000e6c       0x38 HAL_Driver/Src/stm32f0xx_hal_rcc.o
                0x08000e6c                HAL_RCC_GetHCLKFreq
 .text._ZN13AS5600EncoderC2Ev
                0x08000ea4       0x48 src/encoder.o
                0x08000ea4                AS5600Encoder::AS5600Encoder()
                0x08000ea4                AS5600Encoder::AS5600Encoder()
 .text._ZN13AS5600Encoder4initEv
                0x08000eec       0x30 src/encoder.o
                0x08000eec                AS5600Encoder::init()
 .text._ZN13AS5600Encoder6updateEv
                0x08000f1c      0x140 src/encoder.o
                0x08000f1c                AS5600Encoder::update()
 .text._ZN13AS5600Encoder16readEncoderBytesEhPhh
                0x0800105c      0x124 src/encoder.o
                0x0800105c                AS5600Encoder::readEncoderBytes(unsigned char, unsigned char*, unsigned char)
 .text._ZN13AS5600Encoder14getMagStrengthEv
                0x08001180       0x14 src/encoder.o
                0x08001180                AS5600Encoder::getMagStrength()
 .text._ZN13AS5600Encoder8getCountEv
                0x08001194       0x14 src/encoder.o
                0x08001194                AS5600Encoder::getCount()
 .text.main     0x080011a8       0x1c src/main.o
                0x080011a8                main
 .text._Z5setupv
                0x080011c4       0x54 src/main.o
                0x080011c4                setup()
 .text._Z18SystemClock_Configv
                0x08001218       0xa0 src/main.o
                0x08001218                SystemClock_Config()
 .text._Z9updateLedv
                0x080012b8      0x398 src/main.o
                0x080012b8                updateLed()
 .text._Z9blinkLedsim
                0x08001650       0x28 src/main.o
                0x08001650                blinkLeds(int, unsigned long)
 .text._Z9blinkLedsihhh
                0x08001678       0xdc src/main.o
                0x08001678                blinkLeds(int, unsigned char, unsigned char, unsigned char)
 .text._Z41__static_initialization_and_destruction_0ii
                0x08001754       0x30 src/main.o
 .text._GLOBAL__sub_I_addressOffset
                0x08001784       0x18 src/main.o
 .text._ZN12SoftwareWireC2EtP12GPIO_TypeDeftS1_
                0x0800179c       0x50 src/softi2c.o
                0x0800179c                SoftwareWire::SoftwareWire(unsigned short, GPIO_TypeDef*, unsigned short, GPIO_TypeDef*)
                0x0800179c                SoftwareWire::SoftwareWire(unsigned short, GPIO_TypeDef*, unsigned short, GPIO_TypeDef*)
 .text._ZN12SoftwareWire7i2cInitEv
                0x080017ec       0x40 src/softi2c.o
                0x080017ec                SoftwareWire::i2cInit()
 .text._ZN12SoftwareWire8i2cStartEv
                0x0800182c       0x8c src/softi2c.o
                0x0800182c                SoftwareWire::i2cStart()
 .text._ZN12SoftwareWire7i2cStopEv
                0x080018b8       0x5c src/softi2c.o
                0x080018b8                SoftwareWire::i2cStop()
 .text._ZN12SoftwareWire10i2cWaitAckEv
                0x08001914       0x7c src/softi2c.o
                0x08001914                SoftwareWire::i2cWaitAck()
 .text._ZN12SoftwareWire11i2cSendByteEh
                0x08001990       0xa0 src/softi2c.o
                0x08001990                SoftwareWire::i2cSendByte(unsigned char)
 .text._ZN12SoftwareWire14i2cReceiveByteEv
                0x08001a30       0xb0 src/softi2c.o
                0x08001a30                SoftwareWire::i2cReceiveByte()
 .text._ZN12SoftwareWire8i2cDelayEv
                0x08001ae0       0x28 src/softi2c.o
                0x08001ae0                SoftwareWire::i2cDelay()
 .text._Z7initSPIv
                0x08001b08      0x10c src/spi.o
                0x08001b08                initSPI()
 .text._Z8writeSPIPhj
                0x08001c14       0x4c src/spi.o
                0x08001c14                writeSPI(unsigned char*, unsigned int)
 .text.SysTick_Handler
                0x08001c60       0x14 src/stm32f0xx_it.o
                0x08001c60                SysTick_Handler
 .text.SystemInit
                0x08001c74       0x88 src/system_stm32f0xx.o
                0x08001c74                SystemInit
 .text.TM_GPIO_Init
                0x08001cfc       0x60 src/tm_stm32_gpio.o
                0x08001cfc                TM_GPIO_Init
 .text.TM_GPIO_GetPortSource
                0x08001d5c       0x20 src/tm_stm32_gpio.o
                0x08001d5c                TM_GPIO_GetPortSource
 .text.TM_GPIO_INT_EnableClock
                0x08001d7c       0x30 src/tm_stm32_gpio.o
                0x08001d7c                TM_GPIO_INT_EnableClock
 .text.TM_GPIO_INT_Init
                0x08001dac      0x188 src/tm_stm32_gpio.o
                0x08001dac                TM_GPIO_INT_Init
 .text._ZN6Ws28125latchEv
                0x08001f34       0x20 src/ws2812.o
                0x08001f34                Ws2812::latch()
 .text._ZN6Ws28125delayEi
                0x08001f54       0x24 src/ws2812.o
                0x08001f54                Ws2812::delay(int)
 .text._ZN6Ws28125setupEv
                0x08001f78       0x14 src/ws2812.o
                0x08001f78                Ws2812::setup()
 .text._ZN6Ws281214writeDMABufferEim
                0x08001f8c      0x168 src/ws2812.o
                0x08001f8c                Ws2812::writeDMABuffer(int, unsigned long)
 .text._ZN6Ws281213setPixelColorEiiii
                0x080020f4       0x34 src/ws2812.o
                0x080020f4                Ws2812::setPixelColor(int, int, int, int)
 .text._ZN6Ws281213setPixelColorEij
                0x08002128       0x24 src/ws2812.o
                0x08002128                Ws2812::setPixelColor(int, unsigned int)
 .text._ZN6Ws28124showEv
                0x0800214c       0x50 src/ws2812.o
                0x0800214c                Ws2812::show()
 .text._ZN6Ws28129numPixelsEv
                0x0800219c       0x14 src/ws2812.o
                0x0800219c                Ws2812::numPixels()
 .text.Reset_Handler
                0x080021b0       0x48 startup/startup_stm32.o
                0x080021b0                Reset_Handler
 .text.Default_Handler
                0x080021f8        0x2 startup/startup_stm32.o
                0x080021f8                DebugMon_Handler
                0x080021f8                HardFault_Handler
                0x080021f8                PendSV_Handler
                0x080021f8                NMI_Handler
                0x080021f8                UsageFault_Handler
                0x080021f8                Default_Handler
                0x080021f8                MemManage_Handler
                0x080021f8                SVC_Handler
                0x080021f8                BusFault_Handler
 *fill*         0x080021fa        0x2 
 .text.__libc_init_array
                0x080021fc       0x48 c:/ac6/systemworkbench/plugins/fr.ac6.mcu.externaltools.arm-none.win32_1.7.0.201602121829/tools/compiler/bin/../lib/gcc/arm-none-eabi/5.2.1/../../../../arm-none-eabi/lib/armv6-m\libc.a(lib_a-init.o)
                0x080021fc                __libc_init_array
 .text.memcpy   0x08002244       0x7c c:/ac6/systemworkbench/plugins/fr.ac6.mcu.externaltools.arm-none.win32_1.7.0.201602121829/tools/compiler/bin/../lib/gcc/arm-none-eabi/5.2.1/../../../../arm-none-eabi/lib/armv6-m\libc.a(lib_a-memcpy-stub.o)
                0x08002244                memcpy
 .text.startup.register_fini
                0x080022c0       0x18 c:/ac6/systemworkbench/plugins/fr.ac6.mcu.externaltools.arm-none.win32_1.7.0.201602121829/tools/compiler/bin/../lib/gcc/arm-none-eabi/5.2.1/../../../../arm-none-eabi/lib/armv6-m\libc.a(lib_a-__call_atexit.o)
 .text.atexit   0x080022d8       0x10 c:/ac6/systemworkbench/plugins/fr.ac6.mcu.externaltools.arm-none.win32_1.7.0.201602121829/tools/compiler/bin/../lib/gcc/arm-none-eabi/5.2.1/../../../../arm-none-eabi/lib/armv6-m\libc.a(lib_a-atexit.o)
                0x080022d8                atexit
 .text.__libc_fini_array
                0x080022e8       0x34 c:/ac6/systemworkbench/plugins/fr.ac6.mcu.externaltools.arm-none.win32_1.7.0.201602121829/tools/compiler/bin/../lib/gcc/arm-none-eabi/5.2.1/../../../../arm-none-eabi/lib/armv6-m\libc.a(lib_a-fini.o)
                0x080022e8                __libc_fini_array
 .text.__register_exitproc
                0x0800231c       0xd4 c:/ac6/systemworkbench/plugins/fr.ac6.mcu.externaltools.arm-none.win32_1.7.0.201602121829/tools/compiler/bin/../lib/gcc/arm-none-eabi/5.2.1/../../../../arm-none-eabi/lib/armv6-m\libc.a(lib_a-__atexit.o)
                0x0800231c                __register_exitproc
 *(.glue_7)
 .glue_7        0x080023f0        0x0 linker stubs
 *(.glue_7t)
 .glue_7t       0x080023f0        0x0 linker stubs
 *(.eh_frame)
 .eh_frame      0x080023f0        0x0 c:/ac6/systemworkbench/plugins/fr.ac6.mcu.externaltools.arm-none.win32_1.7.0.201602121829/tools/compiler/bin/../lib/gcc/arm-none-eabi/5.2.1/armv6-m/crtbegin.o
 *(.init)
 .init          0x080023f0        0x4 c:/ac6/systemworkbench/plugins/fr.ac6.mcu.externaltools.arm-none.win32_1.7.0.201602121829/tools/compiler/bin/../lib/gcc/arm-none-eabi/5.2.1/armv6-m/crti.o
                0x080023f0                _init
 .init          0x080023f4        0x8 c:/ac6/systemworkbench/plugins/fr.ac6.mcu.externaltools.arm-none.win32_1.7.0.201602121829/tools/compiler/bin/../lib/gcc/arm-none-eabi/5.2.1/armv6-m/crtn.o
 *(.fini)
 .fini          0x080023fc        0x4 c:/ac6/systemworkbench/plugins/fr.ac6.mcu.externaltools.arm-none.win32_1.7.0.201602121829/tools/compiler/bin/../lib/gcc/arm-none-eabi/5.2.1/armv6-m/crti.o
                0x080023fc                _fini
 .fini          0x08002400        0x8 c:/ac6/systemworkbench/plugins/fr.ac6.mcu.externaltools.arm-none.win32_1.7.0.201602121829/tools/compiler/bin/../lib/gcc/arm-none-eabi/5.2.1/armv6-m/crtn.o
                0x08002408                . = ALIGN (0x4)
                0x08002408                _etext = .

.vfp11_veneer   0x08002408        0x0
 .vfp11_veneer  0x08002408        0x0 linker stubs

.v4_bx          0x08002408        0x0
 .v4_bx         0x08002408        0x0 linker stubs

.iplt           0x08002408        0x0
 .iplt          0x08002408        0x0 c:/ac6/systemworkbench/plugins/fr.ac6.mcu.externaltools.arm-none.win32_1.7.0.201602121829/tools/compiler/bin/../lib/gcc/arm-none-eabi/5.2.1/armv6-m/crtbegin.o

.rodata         0x08002408       0x60
                0x08002408                . = ALIGN (0x4)
 *(.rodata)
 .rodata        0x08002408       0x30 HAL_Driver/Src/stm32f0xx_hal_rcc.o
                0x08002408                aAPBAHBPrescTable
 .rodata        0x08002438       0x28 src/main.o
 *(.rodata*)
 .rodata.str1.4
                0x08002460        0x4 c:/ac6/systemworkbench/plugins/fr.ac6.mcu.externaltools.arm-none.win32_1.7.0.201602121829/tools/compiler/bin/../lib/gcc/arm-none-eabi/5.2.1/../../../../arm-none-eabi/lib/armv6-m\libc.a(lib_a-impure.o)
                                  0x2 (size before relaxing)
 .rodata._global_impure_ptr
                0x08002464        0x4 c:/ac6/systemworkbench/plugins/fr.ac6.mcu.externaltools.arm-none.win32_1.7.0.201602121829/tools/compiler/bin/../lib/gcc/arm-none-eabi/5.2.1/../../../../arm-none-eabi/lib/armv6-m\libc.a(lib_a-impure.o)
                0x08002464                _global_impure_ptr
                0x08002468                . = ALIGN (0x4)

.rel.dyn        0x08002468        0x0
 .rel.iplt      0x08002468        0x0 c:/ac6/systemworkbench/plugins/fr.ac6.mcu.externaltools.arm-none.win32_1.7.0.201602121829/tools/compiler/bin/../lib/gcc/arm-none-eabi/5.2.1/armv6-m/crtbegin.o

.ARM.extab      0x08002468        0x0
                0x08002468                . = ALIGN (0x4)
 *(.ARM.extab* .gnu.linkonce.armextab.*)
                0x08002468                . = ALIGN (0x4)

.ARM            0x08002468        0x0
                0x08002468                . = ALIGN (0x4)
                0x08002468                __exidx_start = .
 *(.ARM.exidx*)
                0x08002468                __exidx_end = .
                0x08002468                . = ALIGN (0x4)

.preinit_array  0x08002468        0x0
                0x08002468                . = ALIGN (0x4)
                0x08002468                PROVIDE (__preinit_array_start, .)
 *(.preinit_array*)
                0x08002468                PROVIDE (__preinit_array_end, .)
                0x08002468                . = ALIGN (0x4)

.init_array     0x08002468        0xc
                0x08002468                . = ALIGN (0x4)
                0x08002468                PROVIDE (__init_array_start, .)
 *(SORT(.init_array.*))
 .init_array.00000
                0x08002468        0x4 c:/ac6/systemworkbench/plugins/fr.ac6.mcu.externaltools.arm-none.win32_1.7.0.201602121829/tools/compiler/bin/../lib/gcc/arm-none-eabi/5.2.1/../../../../arm-none-eabi/lib/armv6-m\libc.a(lib_a-__call_atexit.o)
 *(.init_array*)
 .init_array    0x0800246c        0x4 c:/ac6/systemworkbench/plugins/fr.ac6.mcu.externaltools.arm-none.win32_1.7.0.201602121829/tools/compiler/bin/../lib/gcc/arm-none-eabi/5.2.1/armv6-m/crtbegin.o
 .init_array    0x08002470        0x4 src/main.o
                0x08002474                PROVIDE (__init_array_end, .)
                0x08002474                . = ALIGN (0x4)

.fini_array     0x08002474        0x4
                0x08002474                . = ALIGN (0x4)
                0x08002474                PROVIDE (__fini_array_start, .)
 *(SORT(.fini_array.*))
 *(.fini_array*)
 .fini_array    0x08002474        0x4 c:/ac6/systemworkbench/plugins/fr.ac6.mcu.externaltools.arm-none.win32_1.7.0.201602121829/tools/compiler/bin/../lib/gcc/arm-none-eabi/5.2.1/armv6-m/crtbegin.o
                0x08002478                PROVIDE (__fini_array_end, .)
                0x08002478                . = ALIGN (0x4)
                0x08002478                _sidata = LOADADDR (.data)

.data           0x20000000      0x440 load address 0x08002478
                0x20000000                . = ALIGN (0x4)
                0x20000000                _sdata = .
 *(.data)
 .data          0x20000000        0xf src/main.o
                0x20000000                ledBrightness
                0x20000008                ledRGB
                0x2000000c                ledHSV
 *fill*         0x2000000f        0x1 
 .data          0x20000010        0x4 src/system_stm32f0xx.o
                0x20000010                SystemCoreClock
 *(.data*)
 *fill*         0x20000014        0x4 
 .data.impure_data
                0x20000018      0x428 c:/ac6/systemworkbench/plugins/fr.ac6.mcu.externaltools.arm-none.win32_1.7.0.201602121829/tools/compiler/bin/../lib/gcc/arm-none-eabi/5.2.1/../../../../arm-none-eabi/lib/armv6-m\libc.a(lib_a-impure.o)
                0x20000440                . = ALIGN (0x4)
                0x20000440                _edata = .

.jcr            0x20000440        0x0 load address 0x080028b8
 .jcr           0x20000440        0x0 c:/ac6/systemworkbench/plugins/fr.ac6.mcu.externaltools.arm-none.win32_1.7.0.201602121829/tools/compiler/bin/../lib/gcc/arm-none-eabi/5.2.1/armv6-m/crtbegin.o

.tm_clone_table
                0x20000440        0x0 load address 0x080028b8
 .tm_clone_table
                0x20000440        0x0 c:/ac6/systemworkbench/plugins/fr.ac6.mcu.externaltools.arm-none.win32_1.7.0.201602121829/tools/compiler/bin/../lib/gcc/arm-none-eabi/5.2.1/armv6-m/crtbegin.o
 .tm_clone_table
                0x20000440        0x0 c:/ac6/systemworkbench/plugins/fr.ac6.mcu.externaltools.arm-none.win32_1.7.0.201602121829/tools/compiler/bin/../lib/gcc/arm-none-eabi/5.2.1/armv6-m/crtend.o

.igot.plt       0x20000440        0x0 load address 0x080028b8
 .igot.plt      0x20000440        0x0 c:/ac6/systemworkbench/plugins/fr.ac6.mcu.externaltools.arm-none.win32_1.7.0.201602121829/tools/compiler/bin/../lib/gcc/arm-none-eabi/5.2.1/armv6-m/crtbegin.o
                0x20000440                . = ALIGN (0x4)

.bss            0x20000440      0x168 load address 0x080028b8
                0x20000440                _sbss = .
                0x20000440                __bss_start__ = _sbss
 *(.bss)
 .bss           0x20000440       0x1c c:/ac6/systemworkbench/plugins/fr.ac6.mcu.externaltools.arm-none.win32_1.7.0.201602121829/tools/compiler/bin/../lib/gcc/arm-none-eabi/5.2.1/armv6-m/crtbegin.o
 .bss           0x2000045c        0x4 HAL_Driver/Src/stm32f0xx_hal.o
 .bss           0x20000460       0x50 src/main.o
                0x20000460                addressOffset
                0x20000461                i2cAddress
                0x20000464                i2c_response_mode
                0x20000468                lastLoopTime
                0x2000046c                ledMode
                0x20000474                ledRate
                0x2000047c                ledSleep
                0x20000484                pixel
                0x20000488                encoder
 .bss           0x200004b0       0x1a src/tm_stm32_gpio.o
 *fill*         0x200004ca        0x2 
 .bss           0x200004cc       0xdc src/ws2812.o
                0x200004cc                ledColour
                0x2000050c                DMABuffer
 *(.bss*)
 *(COMMON)
                0x200005a8                . = ALIGN (0x4)
                0x200005a8                _ebss = .
                0x200005a8                __bss_end__ = _ebss

._user_heap_stack
                0x200005a8      0x400 load address 0x080028b8
                0x200005a8                . = ALIGN (0x8)
                0x200005a8                PROVIDE (end, .)
                [!provide]                PROVIDE (_end, .)
                0x200005a8                . = (. + _Min_Heap_Size)
                0x200009a8                . = (. + _Min_Stack_Size)
 *fill*         0x200005a8      0x400 
                0x200009a8                . = ALIGN (0x8)

/DISCARD/
 libc.a(*)
 libm.a(*)
 libgcc.a(*)

.ARM.attributes
                0x00000000       0x28
 *(.ARM.attributes)
 .ARM.attributes
                0x00000000       0x1e c:/ac6/systemworkbench/plugins/fr.ac6.mcu.externaltools.arm-none.win32_1.7.0.201602121829/tools/compiler/bin/../lib/gcc/arm-none-eabi/5.2.1/armv6-m/crti.o
 .ARM.attributes
                0x0000001e       0x2c c:/ac6/systemworkbench/plugins/fr.ac6.mcu.externaltools.arm-none.win32_1.7.0.201602121829/tools/compiler/bin/../lib/gcc/arm-none-eabi/5.2.1/armv6-m/crtbegin.o
 .ARM.attributes
                0x0000004a       0x31 HAL_Driver/Src/stm32f0xx_hal.o
 .ARM.attributes
                0x0000007b       0x31 HAL_Driver/Src/stm32f0xx_hal_cortex.o
 .ARM.attributes
                0x000000ac       0x31 HAL_Driver/Src/stm32f0xx_hal_msp_template.o
 .ARM.attributes
                0x000000dd       0x31 HAL_Driver/Src/stm32f0xx_hal_rcc.o
 .ARM.attributes
                0x0000010e       0x31 src/encoder.o
 .ARM.attributes
                0x0000013f       0x31 src/main.o
 .ARM.attributes
                0x00000170       0x31 src/softi2c.o
 .ARM.attributes
                0x000001a1       0x31 src/spi.o
 .ARM.attributes
                0x000001d2       0x31 src/stm32f0xx_it.o
 .ARM.attributes
                0x00000203       0x31 src/system_stm32f0xx.o
 .ARM.attributes
                0x00000234       0x31 src/tm_stm32_gpio.o
 .ARM.attributes
                0x00000265       0x31 src/ws2812.o
 .ARM.attributes
                0x00000296       0x21 startup/startup_stm32.o
 .ARM.attributes
                0x000002b7       0x1e c:/ac6/systemworkbench/plugins/fr.ac6.mcu.externaltools.arm-none.win32_1.7.0.201602121829/tools/compiler/bin/../lib/gcc/arm-none-eabi/5.2.1/armv6-m\libgcc.a(_udivsi3.o)
 .ARM.attributes
                0x000002d5       0x1e c:/ac6/systemworkbench/plugins/fr.ac6.mcu.externaltools.arm-none.win32_1.7.0.201602121829/tools/compiler/bin/../lib/gcc/arm-none-eabi/5.2.1/armv6-m\libgcc.a(_dvmd_tls.o)
 .ARM.attributes
                0x000002f3       0x2c c:/ac6/systemworkbench/plugins/fr.ac6.mcu.externaltools.arm-none.win32_1.7.0.201602121829/tools/compiler/bin/../lib/gcc/arm-none-eabi/5.2.1/../../../../arm-none-eabi/lib/armv6-m\libc.a(lib_a-impure.o)
 .ARM.attributes
                0x0000031f       0x2c c:/ac6/systemworkbench/plugins/fr.ac6.mcu.externaltools.arm-none.win32_1.7.0.201602121829/tools/compiler/bin/../lib/gcc/arm-none-eabi/5.2.1/../../../../arm-none-eabi/lib/armv6-m\libc.a(lib_a-init.o)
 .ARM.attributes
                0x0000034b       0x2c c:/ac6/systemworkbench/plugins/fr.ac6.mcu.externaltools.arm-none.win32_1.7.0.201602121829/tools/compiler/bin/../lib/gcc/arm-none-eabi/5.2.1/../../../../arm-none-eabi/lib/armv6-m\libc.a(lib_a-memcpy-stub.o)
 .ARM.attributes
                0x00000377       0x2c c:/ac6/systemworkbench/plugins/fr.ac6.mcu.externaltools.arm-none.win32_1.7.0.201602121829/tools/compiler/bin/../lib/gcc/arm-none-eabi/5.2.1/../../../../arm-none-eabi/lib/armv6-m\libc.a(lib_a-__call_atexit.o)
 .ARM.attributes
                0x000003a3       0x2c c:/ac6/systemworkbench/plugins/fr.ac6.mcu.externaltools.arm-none.win32_1.7.0.201602121829/tools/compiler/bin/../lib/gcc/arm-none-eabi/5.2.1/../../../../arm-none-eabi/lib/armv6-m\libc.a(lib_a-atexit.o)
 .ARM.attributes
                0x000003cf       0x2c c:/ac6/systemworkbench/plugins/fr.ac6.mcu.externaltools.arm-none.win32_1.7.0.201602121829/tools/compiler/bin/../lib/gcc/arm-none-eabi/5.2.1/../../../../arm-none-eabi/lib/armv6-m\libc.a(lib_a-fini.o)
 .ARM.attributes
                0x000003fb       0x2c c:/ac6/systemworkbench/plugins/fr.ac6.mcu.externaltools.arm-none.win32_1.7.0.201602121829/tools/compiler/bin/../lib/gcc/arm-none-eabi/5.2.1/../../../../arm-none-eabi/lib/armv6-m\libc.a(lib_a-__atexit.o)
 .ARM.attributes
                0x00000427       0x2c c:/ac6/systemworkbench/plugins/fr.ac6.mcu.externaltools.arm-none.win32_1.7.0.201602121829/tools/compiler/bin/../lib/gcc/arm-none-eabi/5.2.1/armv6-m/crtend.o
 .ARM.attributes
                0x00000453       0x1e c:/ac6/systemworkbench/plugins/fr.ac6.mcu.externaltools.arm-none.win32_1.7.0.201602121829/tools/compiler/bin/../lib/gcc/arm-none-eabi/5.2.1/armv6-m/crtn.o
OUTPUT(STM32-Encoder.elf elf32-littlearm)

.debug_info     0x00000000     0x3d0a
 .debug_info    0x00000000      0x4dd HAL_Driver/Src/stm32f0xx_hal.o
 .debug_info    0x000004dd      0x697 HAL_Driver/Src/stm32f0xx_hal_cortex.o
 .debug_info    0x00000b74       0xc9 HAL_Driver/Src/stm32f0xx_hal_msp_template.o
 .debug_info    0x00000c3d      0x756 HAL_Driver/Src/stm32f0xx_hal_rcc.o
 .debug_info    0x00001393      0x686 src/encoder.o
 .debug_info    0x00001a19      0xb04 src/main.o
 .debug_info    0x0000251d      0x784 src/softi2c.o
 .debug_info    0x00002ca1       0xd7 src/spi.o
 .debug_info    0x00002d78       0x96 src/stm32f0xx_it.o
 .debug_info    0x00002e0e      0x21c src/system_stm32f0xx.o
 .debug_info    0x0000302a      0x742 src/tm_stm32_gpio.o
 .debug_info    0x0000376c      0x53a src/ws2812.o
 .debug_info    0x00003ca6       0x64 startup/startup_stm32.o

.debug_abbrev   0x00000000     0x11d7
 .debug_abbrev  0x00000000      0x1a2 HAL_Driver/Src/stm32f0xx_hal.o
 .debug_abbrev  0x000001a2      0x234 HAL_Driver/Src/stm32f0xx_hal_cortex.o
 .debug_abbrev  0x000003d6       0x45 HAL_Driver/Src/stm32f0xx_hal_msp_template.o
 .debug_abbrev  0x0000041b      0x1e2 HAL_Driver/Src/stm32f0xx_hal_rcc.o
 .debug_abbrev  0x000005fd      0x243 src/encoder.o
 .debug_abbrev  0x00000840      0x28f src/main.o
 .debug_abbrev  0x00000acf      0x1fa src/softi2c.o
 .debug_abbrev  0x00000cc9       0x84 src/spi.o
 .debug_abbrev  0x00000d4d       0x45 src/stm32f0xx_it.o
 .debug_abbrev  0x00000d92       0xf3 src/system_stm32f0xx.o
 .debug_abbrev  0x00000e85      0x19b src/tm_stm32_gpio.o
 .debug_abbrev  0x00001020      0x1a5 src/ws2812.o
 .debug_abbrev  0x000011c5       0x12 startup/startup_stm32.o

.debug_aranges  0x00000000      0x4d0
 .debug_aranges
                0x00000000       0xa0 HAL_Driver/Src/stm32f0xx_hal.o
 .debug_aranges
                0x000000a0       0xc0 HAL_Driver/Src/stm32f0xx_hal_cortex.o
 .debug_aranges
                0x00000160       0x38 HAL_Driver/Src/stm32f0xx_hal_msp_template.o
 .debug_aranges
                0x00000198       0x80 HAL_Driver/Src/stm32f0xx_hal_rcc.o
 .debug_aranges
                0x00000218       0x48 src/encoder.o
 .debug_aranges
                0x00000260       0x58 src/main.o
 .debug_aranges
                0x000002b8       0x80 src/softi2c.o
 .debug_aranges
                0x00000338       0x28 src/spi.o
 .debug_aranges
                0x00000360       0x20 src/stm32f0xx_it.o
 .debug_aranges
                0x00000380       0x28 src/system_stm32f0xx.o
 .debug_aranges
                0x000003a8       0x98 src/tm_stm32_gpio.o
 .debug_aranges
                0x00000440       0x68 src/ws2812.o
 .debug_aranges
                0x000004a8       0x28 startup/startup_stm32.o

.debug_ranges   0x00000000      0x408
 .debug_ranges  0x00000000       0x90 HAL_Driver/Src/stm32f0xx_hal.o
 .debug_ranges  0x00000090       0xb0 HAL_Driver/Src/stm32f0xx_hal_cortex.o
 .debug_ranges  0x00000140       0x28 HAL_Driver/Src/stm32f0xx_hal_msp_template.o
 .debug_ranges  0x00000168       0x70 HAL_Driver/Src/stm32f0xx_hal_rcc.o
 .debug_ranges  0x000001d8       0x38 src/encoder.o
 .debug_ranges  0x00000210       0x48 src/main.o
 .debug_ranges  0x00000258       0x70 src/softi2c.o
 .debug_ranges  0x000002c8       0x18 src/spi.o
 .debug_ranges  0x000002e0       0x10 src/stm32f0xx_it.o
 .debug_ranges  0x000002f0       0x18 src/system_stm32f0xx.o
 .debug_ranges  0x00000308       0x88 src/tm_stm32_gpio.o
 .debug_ranges  0x00000390       0x58 src/ws2812.o
 .debug_ranges  0x000003e8       0x20 startup/startup_stm32.o

.debug_macro    0x00000000    0x10fb7
 .debug_macro   0x00000000      0x3da HAL_Driver/Src/stm32f0xx_hal.o
 .debug_macro   0x000003da      0x83e HAL_Driver/Src/stm32f0xx_hal.o
 .debug_macro   0x00000c18      0x110 HAL_Driver/Src/stm32f0xx_hal.o
 .debug_macro   0x00000d28       0x28 HAL_Driver/Src/stm32f0xx_hal.o
 .debug_macro   0x00000d50       0x22 HAL_Driver/Src/stm32f0xx_hal.o
 .debug_macro   0x00000d72       0x22 HAL_Driver/Src/stm32f0xx_hal.o
 .debug_macro   0x00000d94       0x44 HAL_Driver/Src/stm32f0xx_hal.o
 .debug_macro   0x00000dd8       0xfd HAL_Driver/Src/stm32f0xx_hal.o
 .debug_macro   0x00000ed5       0x22 HAL_Driver/Src/stm32f0xx_hal.o
 .debug_macro   0x00000ef7      0x1df HAL_Driver/Src/stm32f0xx_hal.o
 .debug_macro   0x000010d6       0x34 HAL_Driver/Src/stm32f0xx_hal.o
 .debug_macro   0x0000110a       0x26 HAL_Driver/Src/stm32f0xx_hal.o
 .debug_macro   0x00001130      0x30d HAL_Driver/Src/stm32f0xx_hal.o
 .debug_macro   0x0000143d     0x3866 HAL_Driver/Src/stm32f0xx_hal.o
 .debug_macro   0x00004ca3       0x3c HAL_Driver/Src/stm32f0xx_hal.o
 .debug_macro   0x00004cdf     0x3295 HAL_Driver/Src/stm32f0xx_hal.o
 .debug_macro   0x00007f74       0x58 HAL_Driver/Src/stm32f0xx_hal.o
 .debug_macro   0x00007fcc       0x35 HAL_Driver/Src/stm32f0xx_hal.o
 .debug_macro   0x00008001       0x9c HAL_Driver/Src/stm32f0xx_hal.o
 .debug_macro   0x0000809d       0x16 HAL_Driver/Src/stm32f0xx_hal.o
 .debug_macro   0x000080b3       0x97 HAL_Driver/Src/stm32f0xx_hal.o
 .debug_macro   0x0000814a      0x329 HAL_Driver/Src/stm32f0xx_hal.o
 .debug_macro   0x00008473       0xfd HAL_Driver/Src/stm32f0xx_hal.o
 .debug_macro   0x00008570       0x10 HAL_Driver/Src/stm32f0xx_hal.o
 .debug_macro   0x00008580       0x52 HAL_Driver/Src/stm32f0xx_hal.o
 .debug_macro   0x000085d2       0x16 HAL_Driver/Src/stm32f0xx_hal.o
 .debug_macro   0x000085e8       0x43 HAL_Driver/Src/stm32f0xx_hal.o
 .debug_macro   0x0000862b      0x187 HAL_Driver/Src/stm32f0xx_hal.o
 .debug_macro   0x000087b2       0x10 HAL_Driver/Src/stm32f0xx_hal.o
 .debug_macro   0x000087c2       0x22 HAL_Driver/Src/stm32f0xx_hal.o
 .debug_macro   0x000087e4       0x3a HAL_Driver/Src/stm32f0xx_hal.o
 .debug_macro   0x0000881e       0x10 HAL_Driver/Src/stm32f0xx_hal.o
 .debug_macro   0x0000882e       0x40 HAL_Driver/Src/stm32f0xx_hal.o
 .debug_macro   0x0000886e       0x65 HAL_Driver/Src/stm32f0xx_hal.o
 .debug_macro   0x000088d3       0x16 HAL_Driver/Src/stm32f0xx_hal.o
 .debug_macro   0x000088e9      0x197 HAL_Driver/Src/stm32f0xx_hal.o
 .debug_macro   0x00008a80       0x50 HAL_Driver/Src/stm32f0xx_hal.o
 .debug_macro   0x00008ad0      0x93d HAL_Driver/Src/stm32f0xx_hal.o
 .debug_macro   0x0000940d       0xbb HAL_Driver/Src/stm32f0xx_hal.o
 .debug_macro   0x000094c8      0x13a HAL_Driver/Src/stm32f0xx_hal.o
 .debug_macro   0x00009602       0xad HAL_Driver/Src/stm32f0xx_hal.o
 .debug_macro   0x000096af      0x1d8 HAL_Driver/Src/stm32f0xx_hal.o
 .debug_macro   0x00009887       0x2d HAL_Driver/Src/stm32f0xx_hal.o
 .debug_macro   0x000098b4       0x43 HAL_Driver/Src/stm32f0xx_hal.o
 .debug_macro   0x000098f7       0x29 HAL_Driver/Src/stm32f0xx_hal.o
 .debug_macro   0x00009920      0x344 HAL_Driver/Src/stm32f0xx_hal.o
 .debug_macro   0x00009c64       0xbc HAL_Driver/Src/stm32f0xx_hal.o
 .debug_macro   0x00009d20       0x88 HAL_Driver/Src/stm32f0xx_hal.o
 .debug_macro   0x00009da8       0x5a HAL_Driver/Src/stm32f0xx_hal.o
 .debug_macro   0x00009e02       0x12 HAL_Driver/Src/stm32f0xx_hal.o
 .debug_macro   0x00009e14       0xb6 HAL_Driver/Src/stm32f0xx_hal.o
 .debug_macro   0x00009eca      0x15a HAL_Driver/Src/stm32f0xx_hal.o
 .debug_macro   0x0000a024      0x1ca HAL_Driver/Src/stm32f0xx_hal.o
 .debug_macro   0x0000a1ee       0x55 HAL_Driver/Src/stm32f0xx_hal.o
 .debug_macro   0x0000a243       0x66 HAL_Driver/Src/stm32f0xx_hal.o
 .debug_macro   0x0000a2a9       0xab HAL_Driver/Src/stm32f0xx_hal.o
 .debug_macro   0x0000a354       0x4d HAL_Driver/Src/stm32f0xx_hal.o
 .debug_macro   0x0000a3a1       0x2a HAL_Driver/Src/stm32f0xx_hal.o
 .debug_macro   0x0000a3cb      0x2e2 HAL_Driver/Src/stm32f0xx_hal.o
 .debug_macro   0x0000a6ad      0x2af HAL_Driver/Src/stm32f0xx_hal.o
 .debug_macro   0x0000a95c       0xdd HAL_Driver/Src/stm32f0xx_hal.o
 .debug_macro   0x0000aa39      0x32c HAL_Driver/Src/stm32f0xx_hal.o
 .debug_macro   0x0000ad65      0x2e2 HAL_Driver/Src/stm32f0xx_hal.o
 .debug_macro   0x0000b047      0x829 HAL_Driver/Src/stm32f0xx_hal.o
 .debug_macro   0x0000b870       0x32 HAL_Driver/Src/stm32f0xx_hal.o
 .debug_macro   0x0000b8a2      0x37c HAL_Driver/Src/stm32f0xx_hal.o
 .debug_macro   0x0000bc1e      0x156 HAL_Driver/Src/stm32f0xx_hal.o
 .debug_macro   0x0000bd74      0x1d8 HAL_Driver/Src/stm32f0xx_hal.o
 .debug_macro   0x0000bf4c       0x87 HAL_Driver/Src/stm32f0xx_hal.o
 .debug_macro   0x0000bfd3       0x8d HAL_Driver/Src/stm32f0xx_hal.o
 .debug_macro   0x0000c060       0xea HAL_Driver/Src/stm32f0xx_hal.o
 .debug_macro   0x0000c14a      0x3b6 HAL_Driver/Src/stm32f0xx_hal_cortex.o
 .debug_macro   0x0000c500      0x3b6 HAL_Driver/Src/stm32f0xx_hal_msp_template.o
 .debug_macro   0x0000c8b6      0x3c8 HAL_Driver/Src/stm32f0xx_hal_rcc.o
 .debug_macro   0x0000cc7e      0x414 src/encoder.o
 .debug_macro   0x0000d092      0x856 src/encoder.o
 .debug_macro   0x0000d8e8      0x30d src/encoder.o
 .debug_macro   0x0000dbf5       0x9c src/encoder.o
 .debug_macro   0x0000dc91       0x97 src/encoder.o
 .debug_macro   0x0000dd28      0x34c src/encoder.o
 .debug_macro   0x0000e074       0xf6 src/encoder.o
 .debug_macro   0x0000e16a       0x43 src/encoder.o
 .debug_macro   0x0000e1ad       0x11 src/encoder.o
 .debug_macro   0x0000e1be       0xad src/encoder.o
 .debug_macro   0x0000e26b       0x28 src/encoder.o
 .debug_macro   0x0000e293       0x9a src/encoder.o
 .debug_macro   0x0000e32d      0x440 src/main.o
 .debug_macro   0x0000e76d       0x8e src/main.o
 .debug_macro   0x0000e7fb     0x12b5 src/main.o
 .debug_macro   0x0000fab0       0xa0 src/main.o
 .debug_macro   0x0000fb50      0x42f src/softi2c.o
 .debug_macro   0x0000ff7f       0x3a src/softi2c.o
 .debug_macro   0x0000ffb9       0x5d src/spi.o
 .debug_macro   0x00010016      0x3c0 src/stm32f0xx_it.o
 .debug_macro   0x000103d6      0x3b6 src/system_stm32f0xx.o
 .debug_macro   0x0001078c      0x3e9 src/tm_stm32_gpio.o
 .debug_macro   0x00010b75      0x40d src/ws2812.o
 .debug_macro   0x00010f82       0x35 src/ws2812.o

.debug_line     0x00000000     0x74e0
 .debug_line    0x00000000      0xa4a HAL_Driver/Src/stm32f0xx_hal.o
 .debug_line    0x00000a4a      0xad4 HAL_Driver/Src/stm32f0xx_hal_cortex.o
 .debug_line    0x0000151e      0x956 HAL_Driver/Src/stm32f0xx_hal_msp_template.o
 .debug_line    0x00001e74      0xb83 HAL_Driver/Src/stm32f0xx_hal_rcc.o
 .debug_line    0x000029f7      0x9fd src/encoder.o
 .debug_line    0x000033f4      0xae6 src/main.o
 .debug_line    0x00003eda      0xabd src/softi2c.o
 .debug_line    0x00004997      0x2dd src/spi.o
 .debug_line    0x00004c74      0x948 src/stm32f0xx_it.o
 .debug_line    0x000055bc      0x942 src/system_stm32f0xx.o
 .debug_line    0x00005efe      0xb01 src/tm_stm32_gpio.o
 .debug_line    0x000069ff      0xa68 src/ws2812.o
 .debug_line    0x00007467       0x79 startup/startup_stm32.o

.debug_str      0x00000000    0x5fd19
 .debug_str     0x00000000    0x5761c HAL_Driver/Src/stm32f0xx_hal.o
                              0x57989 (size before relaxing)
 .debug_str     0x0005761c      0x1df HAL_Driver/Src/stm32f0xx_hal_cortex.o
                              0x57899 (size before relaxing)
 .debug_str     0x000577fb       0x51 HAL_Driver/Src/stm32f0xx_hal_msp_template.o
                              0x574d5 (size before relaxing)
 .debug_str     0x0005784c      0x351 HAL_Driver/Src/stm32f0xx_hal_rcc.o
                              0x57923 (size before relaxing)
 .debug_str     0x00057b9d      0xed8 src/encoder.o
                              0x5810b (size before relaxing)
 .debug_str     0x00058a75     0x6bad src/main.o
                              0x5ef40 (size before relaxing)
 .debug_str     0x0005f622      0x2eb src/softi2c.o
                              0x580b1 (size before relaxing)
 .debug_str     0x0005f90d       0x5f src/spi.o
                               0x9766 (size before relaxing)
 .debug_str     0x0005f96c       0x38 src/stm32f0xx_it.o
                              0x574a2 (size before relaxing)
 .debug_str     0x0005f9a4       0x5a src/system_stm32f0xx.o
                              0x5755b (size before relaxing)
 .debug_str     0x0005f9fe      0x1b9 src/tm_stm32_gpio.o
                              0x57cf3 (size before relaxing)
 .debug_str     0x0005fbb7      0x162 src/ws2812.o
                              0x5df65 (size before relaxing)

.comment        0x00000000       0x6e
 .comment       0x00000000       0x6e HAL_Driver/Src/stm32f0xx_hal.o
                                 0x6f (size before relaxing)
 .comment       0x0000006e       0x6f HAL_Driver/Src/stm32f0xx_hal_cortex.o
 .comment       0x0000006e       0x6f HAL_Driver/Src/stm32f0xx_hal_msp_template.o
 .comment       0x0000006e       0x6f HAL_Driver/Src/stm32f0xx_hal_rcc.o
 .comment       0x0000006e       0x6f src/encoder.o
 .comment       0x0000006e       0x6f src/main.o
 .comment       0x0000006e       0x6f src/softi2c.o
 .comment       0x0000006e       0x6f src/spi.o
 .comment       0x0000006e       0x6f src/stm32f0xx_it.o
 .comment       0x0000006e       0x6f src/system_stm32f0xx.o
 .comment       0x0000006e       0x6f src/tm_stm32_gpio.o
 .comment       0x0000006e       0x6f src/ws2812.o

.debug_frame    0x00000000      0xfb0
 .debug_frame   0x00000000      0x1f4 HAL_Driver/Src/stm32f0xx_hal.o
 .debug_frame   0x000001f4      0x2a4 HAL_Driver/Src/stm32f0xx_hal_cortex.o
 .debug_frame   0x00000498       0x80 HAL_Driver/Src/stm32f0xx_hal_msp_template.o
 .debug_frame   0x00000518      0x194 HAL_Driver/Src/stm32f0xx_hal_rcc.o
 .debug_frame   0x000006ac       0xd0 src/encoder.o
 .debug_frame   0x0000077c      0x108 src/main.o
 .debug_frame   0x00000884      0x1b0 src/softi2c.o
 .debug_frame   0x00000a34       0x4c src/spi.o
 .debug_frame   0x00000a80       0x2c src/stm32f0xx_it.o
 .debug_frame   0x00000aac       0x4c src/system_stm32f0xx.o
 .debug_frame   0x00000af8      0x210 src/tm_stm32_gpio.o
 .debug_frame   0x00000d08      0x14c src/ws2812.o
 .debug_frame   0x00000e54       0x20 c:/ac6/systemworkbench/plugins/fr.ac6.mcu.externaltools.arm-none.win32_1.7.0.201602121829/tools/compiler/bin/../lib/gcc/arm-none-eabi/5.2.1/armv6-m\libgcc.a(_udivsi3.o)
 .debug_frame   0x00000e74       0x2c c:/ac6/systemworkbench/plugins/fr.ac6.mcu.externaltools.arm-none.win32_1.7.0.201602121829/tools/compiler/bin/../lib/gcc/arm-none-eabi/5.2.1/../../../../arm-none-eabi/lib/armv6-m\libc.a(lib_a-init.o)
 .debug_frame   0x00000ea0       0x2c c:/ac6/systemworkbench/plugins/fr.ac6.mcu.externaltools.arm-none.win32_1.7.0.201602121829/tools/compiler/bin/../lib/gcc/arm-none-eabi/5.2.1/../../../../arm-none-eabi/lib/armv6-m\libc.a(lib_a-memcpy-stub.o)
 .debug_frame   0x00000ecc       0x54 c:/ac6/systemworkbench/plugins/fr.ac6.mcu.externaltools.arm-none.win32_1.7.0.201602121829/tools/compiler/bin/../lib/gcc/arm-none-eabi/5.2.1/../../../../arm-none-eabi/lib/armv6-m\libc.a(lib_a-__call_atexit.o)
 .debug_frame   0x00000f20       0x28 c:/ac6/systemworkbench/plugins/fr.ac6.mcu.externaltools.arm-none.win32_1.7.0.201602121829/tools/compiler/bin/../lib/gcc/arm-none-eabi/5.2.1/../../../../arm-none-eabi/lib/armv6-m\libc.a(lib_a-atexit.o)
 .debug_frame   0x00000f48       0x2c c:/ac6/systemworkbench/plugins/fr.ac6.mcu.externaltools.arm-none.win32_1.7.0.201602121829/tools/compiler/bin/../lib/gcc/arm-none-eabi/5.2.1/../../../../arm-none-eabi/lib/armv6-m\libc.a(lib_a-fini.o)
 .debug_frame   0x00000f74       0x3c c:/ac6/systemworkbench/plugins/fr.ac6.mcu.externaltools.arm-none.win32_1.7.0.201602121829/tools/compiler/bin/../lib/gcc/arm-none-eabi/5.2.1/../../../../arm-none-eabi/lib/armv6-m\libc.a(lib_a-__atexit.o)
